[hostafi.com/index.html]
[backblue.gif]
[fade.gif]
[index.html]
[hostafi.com/wp-content/plugins/contact-form-7/includes/css/styles7404.css]
[hostafi.com/wp-content/plugins/elementor/assets/css/frontend-lite-rtl.min1f75.css]
[hostafi.com/feed/index.html]
[hostafi.com/comments/feed/index.html]
[hostafi.com/wp-content/plugins/hostim-core/assets/css/bootstrap-slider109c.css]
[hostafi.com/wp-content/plugins/hostim-core/assets/css/custom109c.css]
[hostafi.com/wp-content/themes/hostim/assets/css/bootstrap.rtl109c.css]
[hostafi.com/wp-content/plugins/elementor/assets/lib/swiper/v8/css/swiper.min94a4.css]
[hostafi.com/wp-content/themes/hostim/assets/css/all.min109c.css]
[hostafi.com/wp-content/themes/hostim/assets/css/magnific-popup109c.css]
[hostafi.com/wp-content/themes/hostim/assets/css/animate109c.css]
[hostafi.com/wp-content/themes/hostim/assets/css/app3088.css]
[hostafi.com/wp-content/themes/hostim/style3088.css]
[hostafi.com/wp-content/themes/hostim/assets/css/app-rtl3088.css]
[hostafi.com/wp-content/uploads/elementor/css/post-70934.css]
[hostafi.com/wp-content/plugins/hostim-core/assets/vendors/feather/css/feather109c.css]
[hostafi.com/wp-content/uploads/elementor/css/post-205ee7.css]
[hostafi.com/wp-includes/js/jquery/jquery.minf43b.js]
[hostafi.com/wp-includes/js/jquery/jquery-migrate.min5589.js]
[hostafi.com/wp-json/index.html]
[hostafi.com/wp-json/wp/v2/pages/20.json]
[hostafi.com/xmlrpc0db0.php]
[hostafi.com/wp-json/oembed/1.0/embed8690.json]
[hostafi.com/wp-json/oembed/1.0/embede3c5]
[hostafi.com/wp-admin/admin-ajax.php]
[hostafi.com/wp-content/uploads/2024/04/H_Logo.png]
[hostafi.com/wp-content/uploads/2022/09/home-minimal.png]
[hostafi.com/wp-content/uploads/2022/09/game-hosting.png]
[hostafi.com/wp-content/uploads/2022/09/hosting-service.png]
[hostafi.com/wp-content/uploads/2022/09/silder-demo.png]
[hostafi.com/billing/index.html]
[hostim-rtl.themetags.com/wp-content/uploads/2023/09/hero-circle-left.png]
[hostafi.com/shared-hosting/index.html]
[hostafi.com/wordpress-hosting/index.html]
[hostim-rtl.themetags.com/wp-content/uploads/2023/09/hero-img.png]
[hostim-rtl.themetags.com/wp-content/uploads/2023/09/hero-right-top.png]
[hostafi.com/dedicated-server/index.html]
[hostafi.com/wp-content/uploads/2023/09/support-icon.svg]
[hostafi.com/domain/index.html]
[hostafi.com/wp-content/uploads/2023/09/features-performence.svg]
[hostafi.com/minecraft-hosting/index.html]
[hostafi.com/wp-content/uploads/2023/09/money-g.svg]
[hostafi.com/wp-content/plugins/hostim-core/elementor/assets/images/testimonial/frame.svg]
[hostafi.com/about/index.html]
[hostafi.com/wp-content/plugins/elementor/assets/css/widget-icon-list-rtl.min.css]
[hostafi.com/wp-content/uploads/2022/07/plus-rounded-1.svg]
[hostafi.com/contact/index.html]
[hostafi.com/wp-content/uploads/2022/07/migrate-shape-1-1.svg]
[hostafi.com/wp-content/uploads/2022/07/line-wave-1.svg]
[hostafi.com/wp-content/uploads/2022/07/cta_migrate_feature-1.png]
[hostafi.com/wp-content/uploads/2022/07/about_feature-img-1.png]
[hostafi.com/blog/index.html]
[hostafi.com/wp-content/uploads/2022/09/controls-icon-1.svg]
[hostafi.com/wp-content/uploads/2022/09/daily-backup-1.svg]
[hostafi.com/wp-content/uploads/2022/09/latest-technology-1.svg]
[hostafi.com/wp-content/uploads/2022/07/about_btn_arrow-1.svg]
[hostim.themetags.com/wp-content/uploads/2022/07/about_feature_img.2f.delayed]
[hostafi.com/wp-content/uploads/2023/09/circle-blue.png]
[hostafi.com/wp-content/uploads/2022/08/hostim-hosting-blog-02-1.jpg]
[hostafi.com/wp-content/uploads/2022/09/google-logo-1.svg]
[hostafi.com/wp-content/uploads/2022/09/trustpilot-logo-1.svg]
[hostafi.com/wp-content/uploads/2022/09/green-star-1.svg]
[hostafi.com/category/cloud-hosting/index.html]
[hostafi.com/2024/05/الفرق-بين-استضافة-vps-والخادم-المخصص-dedicated-server/index.html]
[hostafi.com/author/hostafi/index.html]
[hostafi.com/wp-content/uploads/2022/09/capterra-1.svg]
[hostafi.com/wp-content/uploads/2022/07/joomla-logo-1.svg]
[hostafi.com/wp-content/uploads/2022/07/drupal-logo-1.svg]
[hostafi.com/wp-content/uploads/2022/07/wordpress-logo-1.svg]
[hostafi.com/wp-content/uploads/2022/07/osticket-logo-1.svg]
[hostafi.com/wp-content/uploads/2022/08/logo-5-70x50.png]
[hostafi.com/wp-content/uploads/2022/08/payment-method-4-1.svg]
[hostafi.com/wp-content/uploads/2022/08/payment-method-3-1.svg]
[hostafi.com/wp-content/uploads/2022/08/payment-method-2-1.svg]
[hostafi.com/wp-content/uploads/2022/08/payment-method-1-1.svg]
[hostafi.com/wp-content/uploads/elementor/css/post-3578ae2b.css]
[hostafi.com/wp-content/uploads/elementor/css/post-12501dfe.css]
[hostafi.com/wp-content/plugins/hostim-core/assets/js/swiper-bundle.min3088.js]
[hostafi.com/wp-content/plugins/contact-form-7/includes/swv/js/index7404.js]
[hostafi.com/wp-content/plugins/contact-form-7/includes/js/index7404.js]
[hostafi.com/wp-content/plugins/hostim-core/assets/js/custom5152.js]
[hostafi.com/terms-conditions/index.html]
[hostafi.com/wp-content/themes/hostim/assets/js/popper.minab7d.js]
[hostafi.com/wp-content/themes/hostim/assets/js/bootstrap.minbdeb.js]
[hostafi.com/privacy-policy/index.html]
[hostafi.com/wp-content/themes/hostim/assets/js/bootstrap-sliderf269.js]
[hostafi.com/wp-includes/js/imagesloaded.minbb93.js]
[hostafi.com/wp-includes/js/masonry.min3a05.js]
[hostafi.com/wp-includes/js/jquery/jquery.masonry.minef70.js]
[hostafi.com/wp-content/themes/hostim/assets/js/easing.min330a.js]
[hostafi.com/wp-content/themes/hostim/assets/js/magnific-popupf488.js]
[hostafi.com/wp-content/plugins/hostim-core/assets/js/waypoints3088.js]
[hostafi.com/wp-content/themes/hostim/assets/js/counterup5152.js]
[hostafi.com/wp-content/themes/hostim/assets/js/app109c.js]
[hostafi.com/wp-content/plugins/elementor/assets/js/webpack.runtime.min1f75.js]
[hostafi.com/wp-content/plugins/elementor/assets/js/frontend-modules.min1f75.js]
[hostafi.com/wp-content/plugins/elementor/assets/lib/waypoints/waypoints.min05da.js]
[hostafi.com/wp-includes/js/jquery/ui/core.minb37e.js]
[hostafi.com/wp-content/plugins/elementor/assets/js/frontend.min1f75.js]
[hostafi.com/wp-content/plugins/hostim-core/assets/js/elementor3088.js]
[hostafi.com/wp-content/plugins/hostim-core/elementor/assets/js/tt_elementor_sections109c.js]
[hostafi.com/wp-includes/js/underscore.mind584.js]
[hostafi.com/wp-includes/js/wp-util.min109c.js]
[hostafi.com/wp-content/plugins/wpforms-lite/assets/js/integrations/elementor/frontend.min1529.js]
[hostafi.com/index.html]
[hostafi.com/wp-content/plugins/contact-form-7/includes/css/styles7404.css]
[hostafi.com/wp-content/plugins/contact-form-7/includes/css/styles-rtl7404.css]
[hostafi.com/wp-content/plugins/elementor/assets/css/frontend-lite-rtl.min1f75.css]
[hostafi.com/wp-content/plugins/hostim-core/elementor/modules/templates/assets/css/template-frontend.minc6bd.css]
[hostafi.com/wp-content/plugins/hostim-core/assets/css/bootstrap-slider109c.css]
[hostafi.com/wp-content/plugins/hostim-core/assets/css/override-elementor109c.css]
[hostafi.com/wp-content/plugins/hostim-core/assets/img/home_19/popular.png]
[hostafi.com/wp-content/plugins/hostim-core/assets/css/custom109c.css]
[hostafi.com/wp-content/plugins/hostim-core/assets/shapes/shape-img.png]
[hostafi.com/wp-content/themes/hostim/assets/css/bootstrap.rtl109c.css]
[hostafi.com/wp-content/plugins/elementor/assets/lib/swiper/v8/css/swiper.min94a4.css]
[hostafi.com/wp-content/themes/hostim/assets/webfonts/fa-brands-400.woff2]
[hostafi.com/wp-content/themes/hostim/assets/webfonts/fa-regular-400.woff2]
[hostafi.com/wp-content/themes/hostim/assets/webfonts/fa-regular-400.ttf]
[hostafi.com/wp-content/themes/hostim/assets/webfonts/fa-solid-900.woff2]
[hostafi.com/wp-content/themes/hostim/assets/webfonts/fa-v4compatibility.woff2]
[hostafi.com/wp-content/themes/hostim/assets/webfonts/fa-v4compatibility.ttf]
[hostafi.com/wp-content/themes/hostim/assets/css/all.min109c.css]
[hostafi.com/wp-content/themes/hostim/assets/css/magnific-popup109c.css]
[hostafi.com/wp-content/themes/hostim/assets/css/animate109c.css]
[hostafi.com/wp-content/themes/hostim/assets/webfonts/fa-solid-900.ttf]
[hostafi.com/wp-content/themes/hostim/assets/img/home2/shape/curve-line.svg]
[hostafi.com/wp-content/themes/hostim/assets/img/shapes/title-shape-left.png]
[hostafi.com/wp-content/themes/hostim/assets/img/shapes/title-shape-right.png]
[hostafi.com/wp-content/themes/hostim/assets/images/shape/badge.png]
[hostafi.com/wp-content/themes/hostim/assets/images/shape/circle-double-half.png]
[hostafi.com/wp-content/themes/hostim/assets/img/shapes/gm-title-left.png]
[hostafi.com/wp-content/themes/hostim/assets/img/shapes/gm-title-right.png]
[hostafi.com/wp-content/themes/hostim/assets/img/shapes/about-title-shape.png]
[hostafi.com/wp-content/themes/hostim/assets/img/shapes/gm-subtitle.png]
[hostafi.com/wp-content/themes/hostim/assets/images/shape/curve-line.svg]
[cdn1.iconfinder.com/data/icons/cc_mono_icon_set/blacks/16x16/96810.png]
[hostafi.com/wp-content/themes/hostim/assets/css/app3088.css]
[hostafi.com/wp-content/themes/hostim/style3088.css]
[hostafi.com/wp-content/themes/hostim/assets/css/app-rtl3088.css]
[hostafi.com/wp-content/uploads/elementor/css/post-70934.css]
[hostafi.com/wp-content/plugins/hostim-core/assets/vendors/feather/css/feather109c.css]
[hostafi.com/wp-content/plugins/hostim-core/assets/vendors/feather/fonts/Feather144f.svg]
[hostafi.com/wp-content/uploads/2023/09/line-red-top.png]
[hostafi.com/wp-content/uploads/2023/09/line-red.svg]
[hostafi.com/wp-content/uploads/2022/07/mb-circle-left-1.png]
[hostafi.com/wp-content/uploads/2022/07/mb-circle-right-1.png]
[hostafi.com/wp-content/uploads/2022/07/migrate-frame-1.svg]
[hostafi.com/wp-content/uploads/2022/07/about_shape-1.png]
[hostafi.com/wp-content/uploads/2022/07/consult-bg-1.png]
[hostafi.com/wp-content/uploads/2022/07/service-shape-1.png]
[hostafi.com/wp-content/uploads/2022/07/box-shape-1.png]
[hostafi.com/wp-content/uploads/elementor/css/post-205ee7.css]
[hostafi.com/wp-admin/admin-ajax.html]
[hostafi.com/billing/app/views/client/bootstrap/images/favicon.ico]
[hostafi.com/billing/app/views/client/bootstrap/css/application.min.css]
[hostafi.com/billing/client/theme/theme1076.css]
[hostafi.com/billing/app/views/client/bootstrap/css/rtl.css]
[hostafi.com/billing/app/views/client/bootstrap/css/font-awesome.min.css]
[hostafi.com/billing/app/views/client/bootstrap/css/font-awesome-shims.min.css]
[hostafi.com/billing/app/views/client/bootstrap/javascript/jquery.min.js]
[hostafi.com/billing/app/views/client/bootstrap/javascript/jquery-migrate.min.js]
[hostafi.com/billing/app/views/client/bootstrap/javascript/history/history.adapter.jquery.js]
[hostafi.com/billing/app/views/client/bootstrap/javascript/history/history.js]
[hostafi.com/billing/plugins/cms/views/default/css/styles.css]
[hostafi.com/billing/index.html]
[hostafi.com/billing/app/views/client/bootstrap/javascript/app.minb70c.js]
[hostafi.com/wp-content/uploads/2024/05/3.png]
[hostafi.com/wp-content/uploads/elementor/css/post-12939f92b.css]
[hostafi.com/billing/plugin/support_manager/knowledgebase/index.html]
[hostafi.com/billing/client/login/index.html]
[hostafi.com/wp-json/wp/v2/pages/12939.json]
[hostafi.com/billing/client/plugin/support_manager/knowledgebase/index.html]
[hostafi.com/wp-json/oembed/1.0/embed2d7a.json]
[hostafi.com/wp-json/oembed/1.0/embed3f79]
[hostafi.com/wp-content/uploads/2022/07/sh-hero-1.svg]
[hostafi.com/wp-content/uploads/2022/07/sh-cpanel-circle-1.png]
[hostafi.com/wp-content/uploads/2022/07/cyberpanel-vps-hosting.png]
[hostafi.com/billing/order/config/index/order/index8872.html]
[hostafi.com/wp-content/uploads/2022/07/cpanel-curve-1.png]
[hostafi.com/shared-hosting/index.html]
[hostafi.com/wp-content/uploads/2024/05/2.png]
[hostafi.com/billing/order/config/index/order/index3db4.html]
[hostafi.com/billing/order/config/index/order/index7ed0.html]
[hostafi.com/wp-content/uploads/elementor/css/post-1292273da.css]
[hostafi.com/billing/order/config/index/order/index651e.html]
[hostafi.com/wp-json/wp/v2/pages/12922.json]
[hostafi.com/wp-json/oembed/1.0/embedd6b0.json]
[hostafi.com/wp-json/oembed/1.0/embed3eec]
[hostafi.com/wp-content/uploads/2022/07/wp-hero-dot-1.png]
[hostafi.com/wp-content/uploads/2022/07/hero-img-1-1.png]
[hostafi.com/wp-content/uploads/2022/07/wp-rocket-1.svg]
[hostafi.com/wp-content/uploads/2022/07/wp-2-1.svg]
[hostafi.com/wp-content/uploads/2022/07/wp-3-1.svg]
[hostafi.com/wp-content/plugins/elementor/assets/css/widget-icon-box-rtl.min.css]
[hostafi.com/wp-content/uploads/2022/07/settings-icon-1.svg]
[hostafi.com/wp-content/uploads/2022/07/click-icon-1.svg]
[hostafi.com/billing/order/config/index/order/indexc9c3.html]
[hostafi.com/wp-content/uploads/2022/07/backup-icon-1.svg]
[hostafi.com/wp-content/uploads/2022/07/cloud-icon-1.svg]
[hostafi.com/wp-content/uploads/2022/07/protect-icon-1.svg]
[hostafi.com/wp-content/uploads/2022/07/server-icon-1.svg]
[hostafi.com/wordpress-hosting/index.html]
[hostafi.com/billing/order/config/index/order/index339d.html]
[hostafi.com/billing/order/config/index/order/index2793.html]
[hostafi.com/wp-content/uploads/2024/05/5.png]
[hostafi.com/wp-content/uploads/elementor/css/post-129511f17.css]
[hostafi.com/vps-hosting/index.html]
[hostafi.com/wp-json/wp/v2/pages/12951.json]
[hostafi.com/wp-json/oembed/1.0/embed7a0e.json]
[hostafi.com/wp-json/oembed/1.0/embeddb01]
[hostafi.com/wp-content/uploads/2022/09/hero-1-1.svg]
[hostafi.com/wp-content/uploads/2022/09/enterprise-1.png]
[hostafi.com/wp-content/uploads/2022/09/ds-cta-1.png]
[hostafi.com/dedicated-server/index.html]
[hostafi.com/billing/order/config/index/order/index7c75.html]
[hostafi.com/wp-content/uploads/elementor/css/post-5949290.css]
[hostafi.com/billing/order/config/index/order/index54ef.html]
[hostafi.com/billing/order/config/index/order/index7fe4.html]
[hostafi.com/billing/order/config/index/order/index46af.html]
[hostafi.com/billing/order/config/index/order/indexc2c9.html]
[hostafi.com/billing/order/config/index/order/indexa93a.html]
[hostafi.com/wp-json/wp/v2/pages/594.json]
[hostafi.com/wp-json/oembed/1.0/embed6e50.json]
[hostafi.com/wp-json/oembed/1.0/embedb084]
[hostafi.com/wp-content/uploads/2022/08/dm-hero-1.png]
[hostafi.com/wp-content/uploads/2022/08/support-team-1.png]
[hostafi.com/wp-content/uploads/2022/08/about-1-1.png]
[hostafi.com/wp-content/uploads/2022/08/about-2-1.png]
[hostafi.com/wp-content/uploads/2022/08/about-3-1.png]
[hostafi.com/wp-content/uploads/2022/08/faq_feature-1.png]
[hostafi.com/domain/index.html]
[hostafi.com/wp-content/uploads/elementor/css/post-130164b50.css]
[hostafi.com/billing/order/config/preconfig/domain/indexd41d.html]
[hostafi.com/wp-json/wp/v2/pages/13016.json]
[hostafi.com/wp-json/oembed/1.0/embed2aaa.json]
[hostafi.com/wp-json/oembed/1.0/embedc79b]
[hostafi.com/wp-content/uploads/2024/07/hero-1.png]
[hostafi.com/wp-content/uploads/2024/07/client-3-1.png]
[hostafi.com/wp-content/uploads/2024/07/1-70x70.png]
[hostafi.com/wp-content/uploads/2024/07/2-70x70.png]
[hostafi.com/wp-content/uploads/2024/07/3-70x70.png]
[hostafi.com/wp-content/uploads/2024/07/img.icons8_-70x70.png]
[hostafi.com/wp-content/uploads/2024/07/video-bg.jpg]
[hostafi.com/wp-content/uploads/2024/07/client-2-1.png]
[hostafi.com/billing/order/config/index/gh/indexa3a1.html]
[hostafi.com/wp-content/uploads/2024/07/map-bg.png]
[hostafi.com/wp-content/plugins/elementor/assets/lib/jquery-numerator/jquery-numerator.min3958.js]
[hostafi.com/minecraft-hosting/index.html]
[hostafi.com/wp-content/plugins/hostim-core/assets/js/isotop.pkgd.min3088.js]
[hostafi.com/billing/order/config/index/gh/indexec5a.html]
[hostafi.com/wp-content/uploads/elementor/css/post-1004fcf7.css]
[hostafi.com/billing/order/config/index/gh/indexf2d8.html]
[hostafi.com/billing/order/config/index/gh/index2f12.html]
[hostafi.com/wp-json/wp/v2/pages/1004.json]
[hostafi.com/wp-json/oembed/1.0/embed4ab3.json]
[hostafi.com/wp-content/plugins/hostim-core/elementor/assets/images/hero/feature-triangle.svg]
[hostafi.com/wp-content/uploads/2022/07/title-shape-left-1.png]
[hostafi.com/wp-json/oembed/1.0/embed46e9]
[hostafi.com/wp-content/uploads/2022/07/title-shape-right-1.png]
[hostafi.com/wp-content/uploads/2023/09/green-star.svg]
[hostafi.com/wp-content/uploads/2023/09/trustpilot-logo.svg]
[hostafi.com/wp-content/uploads/2024/04/img-92.png]
[hostafi.com/wp-content/uploads/2024/04/img-91.png]
[hostafi.com/wp-content/uploads/2024/04/img-90.png]
[hostafi.com/about/index.html]
[hostafi.com/wp-content/uploads/elementor/css/post-1300f6ea.css]
[hostafi.com/wp-json/wp/v2/pages/1300.json]
[hostafi.com/wp-json/oembed/1.0/embeda5c6.json]
[hostafi.com/wp-json/oembed/1.0/embed1af9]
[hostafi.com/wp-content/plugins/wpforms-lite/assets/images/submit-spin.svg]
[hostafi.com/wp-content/uploads/2022/08/0001-1.svg]
[hostafi.com/wp-content/plugins/wpforms-lite/assets/css/frontend/modern/wpforms-full.min1529.css]
[hostafi.com/wp-content/plugins/wpforms-lite/assets/lib/jquery.validate.min7e9d.js]
[hostafi.com/wp-content/plugins/wpforms-lite/assets/lib/mailcheck.mincfa9.js]
[hostafi.com/wp-content/plugins/wpforms-lite/assets/lib/punycode.min8a54.js]
[hostafi.com/wp-content/plugins/wpforms-lite/assets/js/share/utils.min1529.js]
[hostafi.com/wp-content/plugins/wpforms-lite/assets/js/frontend/wpforms.min1529.js]
[hostafi.com/wp-content/plugins/wpforms-lite/assets/js/frontend/wpforms-modern.min1529.js]
[hostafi.com/contact/index.html]
[hostafi.com/wp-includes/css/dist/block-library/style-rtl.min109c.css]
[hostafi.com/blog/index.html]
[hostafi.com/wp-content/uploads/2023/09/support-icon.svg]
[hostafi.com/wp-content/uploads/2023/09/features-performence.svg]
[hostafi.com/wp-content/uploads/2023/09/money-g.svg]
[hostafi.com/wp-content/plugins/hostim-core/elementor/assets/images/testimonial/frame.svg]
[hostafi.com/wp-content/plugins/elementor/assets/css/widget-icon-list-rtl.min.css]
[hostafi.com/wp-content/uploads/2022/07/plus-rounded-1.svg]
[hostafi.com/wp-content/uploads/2022/07/migrate-shape-1-1.svg]
[hostafi.com/wp-content/uploads/2022/07/line-wave-1.svg]
[hostafi.com/wp-content/uploads/2022/09/controls-icon-1.svg]
[hostafi.com/wp-content/uploads/2022/09/daily-backup-1.svg]
[hostafi.com/wp-content/uploads/2022/09/latest-technology-1.svg]
[hostafi.com/wp-content/uploads/2022/07/about_btn_arrow-1.svg]
[hostim.themetags.com/wp-content/uploads/2022/07/about_feature_img.html]
[hostafi.com/2024/05/14/index.html]
[hostafi.com/2024/05/index.html]
[hostafi.com/tag/vps-server/index.html]
[hostafi.com/category/cloud-hosting/feed/index.html]
[hostafi.com/wp-json/wp/v2/categories/5.json]
[hostafi.com/category/cloud-hosting/index.html]
[hostafi.com/2024/05/الفرق-بين-استضافة-vps-والخادم-المخصص-dedicated-server/index.html]
[hostafi.com/wp-json/wp/v2/users/1.json]
[hostafi.com/author/hostafi/index.html]
[hostafi.com/wp-content/uploads/2022/09/google-logo-1.svg]
[hostafi.com/wp-content/uploads/2022/09/trustpilot-logo-1.svg]
[hostafi.com/wp-content/uploads/2022/09/green-star-1.svg]
[hostafi.com/wp-content/uploads/2022/09/capterra-1.svg]
[hostafi.com/wp-content/uploads/2022/07/joomla-logo-1.svg]
[hostafi.com/wp-content/uploads/2022/07/drupal-logo-1.svg]
[hostafi.com/wp-content/uploads/2022/07/wordpress-logo-1.svg]
[hostafi.com/wp-content/uploads/2022/07/osticket-logo-1.svg]
[hostafi.com/wp-content/uploads/2022/08/payment-method-4-1.svg]
[hostafi.com/wp-content/uploads/2022/08/payment-method-3-1.svg]
[hostafi.com/wp-content/uploads/2022/08/payment-method-2-1.svg]
[hostafi.com/wp-content/uploads/2022/08/payment-method-1-1.svg]
[hostafi.com/terms-conditions/index.html]
[hostafi.com/privacy-policy/index.html]
[hostafi.com/wp-content/uploads/elementor/css/post-3578ae2b.css]
[hostafi.com/wp-content/uploads/elementor/css/post-12501dfe.css]
[hostafi.com/wp-content/plugins/hostim-core/assets/img/home_19/popular.html]
[hostafi.com/wp-content/themes/hostim/assets/img/home2/shape/curve-line.html]
[hostafi.com/wp-content/themes/hostim/assets/img/shapes/title-shape-left.html]
[hostafi.com/wp-content/themes/hostim/assets/img/shapes/title-shape-right.html]
[hostafi.com/wp-content/themes/hostim/assets/img/shapes/gm-title-left.html]
[hostafi.com/wp-content/themes/hostim/assets/img/shapes/gm-title-right.html]
[hostafi.com/wp-content/themes/hostim/assets/img/shapes/about-title-shape.html]
[hostafi.com/wp-content/themes/hostim/assets/img/shapes/gm-subtitle.html]
[hostafi.com/wp-content/themes/hostim/assets/images/shape/curve-line.svg]
[hostafi.com/author/hostafi/feed/index.html]
[hostafi.com/wp-content/plugins/hostim-core/assets/vendors/feather/fonts/Feather144f.ttf]
[hostafi.com/wp-content/plugins/hostim-core/assets/vendors/feather/fonts/Feather144f.woff]
[hostafi.com/wp-content/plugins/hostim-core/assets/vendors/feather/fonts/Feather144f.svg]
[hostafi.com/wp-content/uploads/2023/09/line-red.svg]
[hostafi.com/wp-content/uploads/2022/07/migrate-frame-1.svg]
[hostafi.com/wp-content/themes/hostim/assets/webfonts/fa-brands-400.ttf]
[hostafi.com/wp-content/uploads/2022/07/star-yellow-1.svg]
[hostafi.com/billing/app/views/client/bootstrap/css/application.min.css]
[hostafi.com/billing/app/views/client/bootstrap/javascript/PIE.htc]
[hostafi.com/billing/client/theme/theme1076.css]
[hostafi.com/billing/app/views/client/bootstrap/css/rtl.css]
[hostafi.com/billing/app/views/client/bootstrap/webfonts/fa-brands-400.eot]
[hostafi.com/billing/app/views/client/bootstrap/webfonts/fa-brands-400.woff2]
[hostafi.com/billing/app/views/client/bootstrap/webfonts/fa-brands-400d41d.eot]
[hostafi.com/billing/app/views/client/bootstrap/webfonts/fa-brands-400.woff]
[hostafi.com/billing/app/views/client/bootstrap/webfonts/fa-brands-400.ttf]
[hostafi.com/billing/app/views/client/bootstrap/webfonts/fa-regular-400.eot]
[hostafi.com/billing/app/views/client/bootstrap/webfonts/fa-regular-400d41d.eot]
[hostafi.com/billing/app/views/client/bootstrap/webfonts/Inter-VariableFont.ttf]
[hostafi.com/billing/app/views/client/bootstrap/webfonts/fa-regular-400.woff2]
[hostafi.com/billing/app/views/client/bootstrap/webfonts/fa-regular-400.woff]
[hostafi.com/billing/app/views/client/bootstrap/webfonts/fa-regular-400.ttf]
[hostafi.com/billing/app/views/client/bootstrap/webfonts/fa-brands-400.svg]
[hostafi.com/billing/app/views/client/bootstrap/webfonts/fa-regular-400.svg]
[hostafi.com/billing/app/views/client/bootstrap/webfonts/fa-solid-900.woff2]
[hostafi.com/billing/app/views/client/bootstrap/webfonts/fa-solid-900.eot]
[hostafi.com/billing/app/views/client/bootstrap/webfonts/fa-solid-900d41d.eot]
[hostafi.com/billing/app/views/client/bootstrap/webfonts/fa-solid-900.woff]
[hostafi.com/billing/app/views/client/bootstrap/css/font-awesome.min.css]
[hostafi.com/billing/app/views/client/bootstrap/css/font-awesome-shims.min.css]
[hostafi.com/billing/plugins/cms/views/default/css/styles.css]
[hostafi.com/billing/order/index.html]
[hostafi.com/billing/app/views/client/bootstrap/webfonts/fa-solid-900.ttf]
[hostafi.com/billing/order/orders/index.html]
[hostafi.com/billing/plugin/support_manager/client_main/index.html]
[hostafi.com/billing/plugin/support_manager/client_tickets/index.html]
[hostafi.com/billing/order/forms/index.html]
[hostafi.com/billing/app/views/client/bootstrap/webfonts/fa-solid-900.svg]
[hostafi.com/billing/plugins/support_manager/views/default/css/kb.css]
[hostafi.com/billing/plugin/support_manager/knowledgebase/index.html]
[hostafi.com/billing/client/login/index.html]
[hostafi.com/billing/client/plugin/support_manager/client_tickets/add/index.html]
[hostafi.com/billing/client/plugin/support_manager/knowledgebase/index.html]
[hostafi.com/wp-content/uploads/2022/08/sh-hero-bg-1.png]
[hostafi.com/billing/client/login/forgot/index.html]
[hostafi.com/billing/client/login/reset/index.html]
[hostafi.com/wp-content/uploads/2022/07/line-red-top-1.png]
[hostafi.com/wp-content/uploads/2022/07/line-red-1.svg]
[hostafi.com/wp-content/uploads/2022/07/cpanel-building-1.png]
[hostafi.com/wp-content/uploads/elementor/css/post-12939f92b.css]
[hostafi.com/index090e.html]
[hostafi.com/wp-content/uploads/2022/07/sh-hero-1.svg]
[hostafi.com/billing/plugins/order/views/templates/wizard/css/order.css]
[hostafi.com/billing/plugins/order/views/templates/wizard/javascript/jquery.sticky.min.js]
[hostafi.com/billing/plugins/order/views/templates/wizard/javascript/order.js]
[hostafi.com/billing/plugins/order/views/templates/wizard/javascript/config.js]
[hostafi.com/billing/order/config/index/order/index8872.html]
[hostafi.com/billing/order/config/index/order/index3db4.html]
[hostafi.com/billing/order/config/index/order/index7ed0.html]
[hostafi.com/billing/order/config/index/order/index651e.html]
[hostafi.com/wp-content/uploads/2022/07/rocket-bg-1.png]
[hostafi.com/wp-content/uploads/2022/07/gear-bg-1.png]
[hostafi.com/wp-content/uploads/elementor/css/post-1292273da.css]
[hostafi.com/indexeae0.html]
[hostafi.com/wp-content/uploads/2022/07/wp-rocket-1.svg]
[hostafi.com/wp-content/uploads/2022/07/wp-2-1.svg]
[hostafi.com/wp-content/uploads/2022/07/wp-3-1.svg]
[hostafi.com/billing/order/config/index/order/indexc9c3.html]
[hostafi.com/billing/order/config/index/order/index2793.html]
[hostafi.com/billing/order/config/index/order/index339d.html]
[hostafi.com/wp-content/plugins/elementor/assets/css/widget-icon-box-rtl.min.css]
[hostafi.com/wp-content/uploads/2022/07/settings-icon-1.svg]
[hostafi.com/wp-content/uploads/2022/07/click-icon-1.svg]
[hostafi.com/wp-content/uploads/2022/07/backup-icon-1.svg]
[hostafi.com/wp-content/uploads/2022/07/cloud-icon-1.svg]
[hostafi.com/wp-content/uploads/2022/07/protect-icon-1.svg]
[hostafi.com/wp-content/uploads/2022/07/server-icon-1.svg]
[hostafi.com/wp-content/uploads/elementor/css/post-129450c82.css]
[hostafi.com/wp-json/wp/v2/pages/12945.json]
[hostafi.com/wp-json/oembed/1.0/embedcdd7.json]
[hostafi.com/wp-json/oembed/1.0/embedf1d0]
[hostafi.com/wp-content/plugins/hostim-core/elementor/assets/images/slider/feature-image.png]
[hostafi.com/wp-content/uploads/2022/07/3.png]
[hostafi.com/wp-content/uploads/2022/07/settings_1-1.svg]
[hostafi.com/wp-content/uploads/2022/07/ssd-1-1.svg]
[hostafi.com/wp-content/uploads/2022/07/package-1-1.svg]
[hostafi.com/wp-content/uploads/2022/07/performance-1-1.svg]
[hostafi.com/billing/order/config/index/order/index2db2.html]
[hostafi.com/wp-content/uploads/2023/09/cta_migrate_feature.png]
[hostafi.com/wp-content/uploads/2022/07/free-windows-200-722720-e1712639324758.webp]
[hostafi.com/wp-content/uploads/2022/07/256px-CentOS_color_logo.svg-e1712639355858.png]
[hostafi.com/billing/order/config/index/order/index9580.html]
[hostafi.com/wp-content/uploads/2022/07/free-fedora-202380-e1712639377799.webp]
[hostafi.com/vps-hosting/index.html]
[hostafi.com/billing/order/config/index/order/index8919.html]
[hostafi.com/wp-content/uploads/2022/09/ds-about-bg-white-1.png]
[hostafi.com/billing/order/config/index/order/index8693.html]
[hostafi.com/wp-content/uploads/2022/09/ds-about-bg-1.png]
[hostafi.com/wp-content/uploads/2022/09/ds-cta-circle-2.png]
[hostafi.com/wp-content/uploads/2022/09/ds-cta-rectangle-1.svg]
[hostafi.com/wp-content/uploads/elementor/css/post-129511f17.css]
[hostafi.com/wp-content/uploads/2022/09/ds-cta-dots-1.png]
[hostafi.com/index5ba8.html]
[hostafi.com/wp-content/uploads/2022/09/hero-1-1.svg]
[hostafi.com/billing/order/config/index/order/index7c75.html]
[hostafi.com/billing/order/config/index/order/index54ef.html]
[hostafi.com/billing/order/config/index/order/index7fe4.html]
[hostafi.com/billing/order/config/index/order/index46af.html]
[hostafi.com/billing/order/config/index/order/indexc2c9.html]
[hostafi.com/billing/order/config/index/order/indexa93a.html]
[hostafi.com/wp-content/uploads/2022/08/dm-about-left-1.png]
[hostafi.com/wp-content/uploads/2022/07/feature-right-1.png]
[hostafi.com/wp-content/uploads/elementor/css/post-5949290.css]
[hostafi.com/index3e9a.html]
[hostafi.com/billing/order/config/preconfig/domain/indexd41d.html]
[hostafi.com/wp-content/uploads/2024/07/MC-Vanilla_Media-Block-Image_PC-Bundle-Keyart_800x450.avif]
[hostafi.com/wp-content/uploads/2024/07/Group-1000001513.png]
[hostafi.com/billing/order/config/preconfig/domain/index4e52.html]
[hostafi.com/wp-content/uploads/2024/07/72fab30c-b0ab-450a-b237-c22540ea4153.webp]
[hostafi.com/wp-content/uploads/2024/07/vr-glass.jpg]
[hostafi.com/wp-content/uploads/2024/04/wp_hosting_.png]
[hostafi.com/wp-content/uploads/elementor/css/post-130164b50.css]
[hostafi.com/indexa11a.html]
[hostafi.com/billing/order/config/index/gh/indexa3a1.html]
[hostafi.com/billing/order/config/index/gh/indexec5a.html]
[hostafi.com/billing/order/config/index/gh/indexf2d8.html]
[hostafi.com/billing/order/config/index/gh/index2f12.html]
[hostafi.com/wp-content/uploads/2022/07/server-bg-2.png]
[hostafi.com/wp-content/plugins/hostim-core/elementor/assets/images/testimonial/star_shape.svg]
[hostafi.com/wp-content/uploads/2022/07/server-line-shape-1.png]
[hostafi.com/wp-content/uploads/2022/07/agent-1.png]
[hostafi.com/wp-content/uploads/elementor/css/post-1004fcf7.css]
[hostafi.com/index0566.html]
[hostafi.com/wp-content/plugins/hostim-core/elementor/assets/images/hero/feature-triangle.svg]
[hostafi.com/wp-content/uploads/2023/09/green-star.svg]
[hostafi.com/wp-content/uploads/2023/09/trustpilot-logo.svg]
[hostafi.com/wp-content/uploads/2022/08/contact-bg-left-1.png]
[hostafi.com/wp-content/uploads/2022/08/contact-bg-right-1.png]
[hostafi.com/wp-content/uploads/elementor/css/post-1300f6ea.css]
[hostafi.com/index2610.html]
[hostafi.com/wp-content/uploads/2022/08/0001-1.svg]
[hostafi.com/wp-content/plugins/wpforms-lite/assets/images/submit-spin.svg]
[hostafi.com/wp-content/plugins/wpforms-lite/assets/css/frontend/modern/wpforms-full.min1529.css]
[hostafi.com/wp-includes/css/dist/block-library/style-rtl.min109c.css]
[hostafi.com/2024/05/index.html]
[hostafi.com/2024/05/14/index.html]
[hostafi.com/wp-json/wp/v2/tags/15.json]
[hostafi.com/tag/vps-server/index.html]
[hostafi.com/wp-content/uploads/2022/07/star-yellow-1.svg]
[hostafi.com/billing/app/views/client/bootstrap/webfonts/fa-brands-400.svg]
[hostafi.com/billing/app/views/client/bootstrap/webfonts/fa-regular-400.svg]
[hostafi.com/tag/vps-server/feed/index.html]
[hostafi.com/billing/app/views/client/bootstrap/webfonts/fa-solid-900.svg]
[hostafi.com/tag/dedicated-server/index.html]
[hostafi.com/billing/plugins/order/views/default/css/styles.css]
[hostafi.com/billing/order/main/index/order.html]
[hostafi.com/billing/order/main/packages/gh/index712e.html]
[hostafi.com/billing/order/forms/index.html]
[hostafi.com/billing/login/index.html]
[hostafi.com/billing/plugin/support_manager/client_tickets/departments/index.html]
[hostafi.com/billing/plugins/support_manager/views/default/css/kb.css]
[hostafi.com/billing/client/login/reset/index.html]
[hostafi.com/billing/client/login/forgot/index.html]
[hostafi.com/billing/client/plugin/support_manager/client_tickets/departments/index.html]
[hostafi.com/wp-content/uploads/2022/07/line-red-1.svg]
[hostafi.com/billing/plugins/order/views/templates/wizard/images/globe.svg]
[hostafi.com/billing/plugins/order/views/templates/wizard/css/order.css]
[hostafi.com/wp-content/uploads/2022/07/vps-about-shape-1.png]
[hostafi.com/wp-content/uploads/2022/07/vps-scripts-bg-1-1.png]
[hostafi.com/wp-content/uploads/2022/07/vps-scripts-bg-2-1.png]
[hostafi.com/wp-content/uploads/elementor/css/post-129450c82.css]
[hostafi.com/index8774.html]
[hostafi.com/billing/order/config/index/order/index2db2.html]
[hostafi.com/billing/order/config/index/order/index9580.html]
[hostafi.com/billing/order/config/index/order/index8919.html]
[hostafi.com/billing/order/config/index/order/index8693.html]
[hostafi.com/wp-content/uploads/2022/07/settings_1-1.svg]
[hostafi.com/wp-content/uploads/2022/07/ssd-1-1.svg]
[hostafi.com/wp-content/uploads/2022/07/package-1-1.svg]
[hostafi.com/wp-content/uploads/2022/07/performance-1-1.svg]
[hostafi.com/wp-content/uploads/2022/09/ds-cta-rectangle-1.svg]
[hostafi.com/billing/order/main/index/domain/index7997.html]
[hostafi.com/billing/order/config/preconfig/domain/index4e52.html]
[hostafi.com/wp-content/plugins/hostim-core/elementor/assets/images/testimonial/star_shape.svg]
[hostafi.com/wp-content/uploads/2022/07/ubuntu-plain-icon-256x256-we4d4gd0-e1712639385182.png]
[hostafi.com/wp-content/uploads/2022/07/free-debian-2-202378-e1712639394425.webp]
[hostafi.com/wp-json/wp/v2/tags/30.json]
[hostafi.com/tag/dedicated-server/index.html]
[hostafi.com/billing/plugins/order/views/default/css/styles.css]
[hostafi.com/tag/dedicated-server/feed/index.html]
[hostafi.com/billing/order/config/preconfig/register/indexd41d.html]
[hostafi.com/billing/order/main/index/order.html]
[hostafi.com/billing/order/signup/index/register.html]
[hostafi.com/billing/order/main/packages/order/index7097.html]
[hostafi.com/billing/order/main/packages/gh/index712e.html]
[hostafi.com/billing/order/cart/index/gh.html]
[hostafi.com/billing/plugins/order/views/templates/wizard/images/globe.svg]
[hostafi.com/billing/order/main/packages/order/indexd90a.html]
[hostafi.com/billing/order/main/packages/order/index6ec3.html]
[hostafi.com/billing/order/main/packages/order/index8068.html]
[hostafi.com/billing/order/cart/index/domain/index.html]
[hostafi.com/billing/plugins/order/views/templates/standard/css/order.css]
[hostafi.com/billing/order/signup/index/register.html]
[hostafi.com/billing/order/main/packages/order/index7097.html]
[hostafi.com/billing/order/main/packages/order/indexd90a.html]
[hostafi.com/billing/order/main/packages/order/index6ec3.html]
[hostafi.com/billing/order/main/packages/order/index8068.html]
[hostafi.com/billing/order/cart/index/order.html]
[hostafi.com/billing/plugins/order/views/templates/wizard/javascript/cart.js]
[hostafi.com/billing/order/cart/index/gh.html]
[hostafi.com/billing/order/cart/index/domain/index.html]
[hostafi.com/billing/plugins/order/views/templates/standard/images/globe.svg]
[hostafi.com/billing/plugins/order/views/templates/standard/css/order.css]
[hostafi.com/billing/order/cart/index/order.html]
[hostafi.com/billing/plugins/order/views/templates/standard/images/globe.svg]
